{
  "meta": {
    "version": 1,
    "exportedAt": "2026-06-16T16:27:51.763Z",
    "config": {
      "cols": 10,
      "rows": 10,
      "spacing": 25
    }
  },
  "initialState": {
    "totalLines": 15,
    "solvable": true,
    "lines": [
      {
        "index": 0,
        "label": "1",
        "round": "1",
        "flyDir": "right",
        "headCol": 13,
        "headRow": 6,
        "tailCol": 8,
        "tailRow": 4,
        "stepCount": 0,
        "path": "down×2 → right×1",
        "disposed": true
      },
      {
        "index": 1,
        "label": "2",
        "round": "1",
        "flyDir": "down",
        "headCol": 8,
        "headRow": 3,
        "tailCol": 7,
        "tailRow": 0,
        "stepCount": 14,
        "path": "left×2 → down×1 → left×1 → down×2 → right×2 → up×2 → right×1 → down×1 → right×1 → down×1",
        "disposed": false
      },
      {
        "index": 2,
        "label": "3",
        "round": "1",
        "flyDir": "down",
        "headCol": 9,
        "headRow": 5,
        "tailCol": 9,
        "tailRow": 0,
        "stepCount": 7,
        "path": "left×1 → down×1 → right×1 → down×4",
        "disposed": false
      },
      {
        "index": 3,
        "label": "4",
        "round": "1",
        "flyDir": "down",
        "headCol": 9,
        "headRow": 9,
        "tailCol": 8,
        "tailRow": 8,
        "stepCount": 8,
        "path": "down×1 → left×1 → up×2 → right×2 → down×2",
        "disposed": false
      },
      {
        "index": 4,
        "label": "5",
        "round": "1",
        "flyDir": "right",
        "headCol": 3,
        "headRow": 2,
        "tailCol": 1,
        "tailRow": 1,
        "stepCount": 3,
        "path": "down×1 → right×2",
        "disposed": false
      },
      {
        "index": 5,
        "label": "6",
        "round": "1",
        "flyDir": "down",
        "headCol": 0,
        "headRow": 9,
        "tailCol": 2,
        "tailRow": 5,
        "stepCount": 18,
        "path": "right×2 → up×1 → right×2 → down×1 → left×1 → down×1 → left×1 → down×2 → left×3 → up×1 → left×1 → down×2",
        "disposed": false
      },
      {
        "index": 6,
        "label": "7",
        "round": "1",
        "flyDir": "down",
        "headCol": 2,
        "headRow": 7,
        "tailCol": 2,
        "tailRow": 6,
        "stepCount": 1,
        "path": "down×1",
        "disposed": false
      },
      {
        "index": 7,
        "label": "8",
        "round": "1",
        "flyDir": "right",
        "headCol": 4,
        "headRow": 0,
        "tailCol": 3,
        "tailRow": 1,
        "stepCount": 2,
        "path": "up×1 → right×1",
        "disposed": false
      },
      {
        "index": 8,
        "label": "9",
        "round": "1",
        "flyDir": "down",
        "headCol": 2,
        "headRow": 1,
        "tailCol": 2,
        "tailRow": 0,
        "stepCount": 1,
        "path": "down×1",
        "disposed": false
      },
      {
        "index": 9,
        "label": "10",
        "round": "1",
        "flyDir": "down",
        "headCol": 6,
        "headRow": 9,
        "tailCol": 4,
        "tailRow": 9,
        "stepCount": 4,
        "path": "right×1 → up×1 → right×1 → down×1",
        "disposed": false
      },
      {
        "index": 10,
        "label": "11",
        "round": "1",
        "flyDir": "left",
        "headCol": 5,
        "headRow": 7,
        "tailCol": 7,
        "tailRow": 4,
        "stepCount": 5,
        "path": "down×2 → left×1 → down×1 → left×1",
        "disposed": false
      },
      {
        "index": 11,
        "label": "12",
        "round": "1",
        "flyDir": "up",
        "headCol": 3,
        "headRow": 3,
        "tailCol": 1,
        "tailRow": 0,
        "stepCount": 9,
        "path": "left×1 → down×3 → right×2 → down×1 → right×1 → up×1",
        "disposed": false
      },
      {
        "index": 12,
        "label": "13",
        "round": "1",
        "flyDir": "right",
        "headCol": 3,
        "headRow": 9,
        "tailCol": 1,
        "tailRow": 9,
        "stepCount": 2,
        "path": "right×2",
        "disposed": false
      },
      {
        "index": 13,
        "label": "14",
        "round": "1",
        "flyDir": "up",
        "headCol": 1,
        "headRow": 4,
        "tailCol": 0,
        "tailRow": 4,
        "stepCount": 3,
        "path": "down×1 → right×1 → up×1",
        "disposed": false
      },
      {
        "index": 14,
        "label": "15",
        "round": "1",
        "flyDir": "left",
        "headCol": 0,
        "headRow": 6,
        "tailCol": 1,
        "tailRow": 6,
        "stepCount": 1,
        "path": "left×1",
        "disposed": false
      }
    ],
    "dependencies": {
      "0": null,
      "1": 3,
      "2": 3,
      "3": null,
      "4": 1,
      "5": null,
      "6": 5,
      "7": 1,
      "8": 4,
      "9": null,
      "10": 5,
      "11": 4,
      "12": 9,
      "13": 11,
      "14": null
    },
    "cycles": []
  },
  "summary": {
    "phase": "mid-execution",
    "totalEvents": 6,
    "clicks": 1,
    "advances": 4,
    "retreats": 0,
    "collisions": 0,
    "disposals": 1,
    "linesInBounds": 14,
    "linesOutOfBounds": 0,
    "linesDisposed": 1
  },
  "batches": [
    {
      "round": "1",
      "region": "全棋盘",
      "regionSize": 100,
      "count": 15,
      "labels": "[1-15]",
      "order": [
        "1",
        "2",
        "3",
        "4",
        "5",
        "6",
        "7",
        "8",
        "9",
        "10",
        "11",
        "12",
        "13",
        "14",
        "15"
      ],
      "cells": []
    }
  ],
  "events": [
    {
      "seq": 1,
      "type": "click",
      "label": "1",
      "ts": 0,
      "detail": {}
    },
    {
      "seq": 2,
      "type": "advance",
      "label": "1",
      "ts": 0,
      "detail": {
        "headBefore": [
          9,
          6
        ],
        "headAfter": [
          10,
          6
        ],
        "tailBefore": [
          8,
          4
        ],
        "tailAfter": [
          8,
          5
        ],
        "dir": "right"
      }
    },
    {
      "seq": 3,
      "type": "advance",
      "label": "1",
      "ts": 0,
      "detail": {
        "headBefore": [
          10,
          6
        ],
        "headAfter": [
          11,
          6
        ],
        "tailBefore": [
          8,
          5
        ],
        "tailAfter": [
          8,
          6
        ],
        "dir": "right"
      }
    },
    {
      "seq": 4,
      "type": "advance",
      "label": "1",
      "ts": 0,
      "detail": {
        "headBefore": [
          11,
          6
        ],
        "headAfter": [
          12,
          6
        ],
        "tailBefore": [
          8,
          6
        ],
        "tailAfter": [
          9,
          6
        ],
        "dir": "right"
      }
    },
    {
      "seq": 5,
      "type": "advance",
      "label": "1",
      "ts": 0,
      "detail": {
        "headBefore": [
          12,
          6
        ],
        "headAfter": [
          13,
          6
        ],
        "tailBefore": [
          9,
          6
        ],
        "tailAfter": [
          10,
          6
        ],
        "dir": "right"
      }
    },
    {
      "seq": 6,
      "type": "dispose",
      "label": "1",
      "ts": 0,
      "detail": {}
    }
  ],
  "currentState": {
    "totalLines": 15,
    "solvable": true,
    "lines": [
      {
        "index": 0,
        "label": "1",
        "round": "1",
        "flyDir": "right",
        "headCol": 13,
        "headRow": 6,
        "tailCol": 8,
        "tailRow": 4,
        "stepCount": 0,
        "path": "down×2 → right×1",
        "disposed": true
      },
      {
        "index": 1,
        "label": "2",
        "round": "1",
        "flyDir": "down",
        "headCol": 8,
        "headRow": 3,
        "tailCol": 7,
        "tailRow": 0,
        "stepCount": 14,
        "path": "left×2 → down×1 → left×1 → down×2 → right×2 → up×2 → right×1 → down×1 → right×1 → down×1",
        "disposed": false
      },
      {
        "index": 2,
        "label": "3",
        "round": "1",
        "flyDir": "down",
        "headCol": 9,
        "headRow": 5,
        "tailCol": 9,
        "tailRow": 0,
        "stepCount": 7,
        "path": "left×1 → down×1 → right×1 → down×4",
        "disposed": false
      },
      {
        "index": 3,
        "label": "4",
        "round": "1",
        "flyDir": "down",
        "headCol": 9,
        "headRow": 9,
        "tailCol": 8,
        "tailRow": 8,
        "stepCount": 8,
        "path": "down×1 → left×1 → up×2 → right×2 → down×2",
        "disposed": false
      },
      {
        "index": 4,
        "label": "5",
        "round": "1",
        "flyDir": "right",
        "headCol": 3,
        "headRow": 2,
        "tailCol": 1,
        "tailRow": 1,
        "stepCount": 3,
        "path": "down×1 → right×2",
        "disposed": false
      },
      {
        "index": 5,
        "label": "6",
        "round": "1",
        "flyDir": "down",
        "headCol": 0,
        "headRow": 9,
        "tailCol": 2,
        "tailRow": 5,
        "stepCount": 18,
        "path": "right×2 → up×1 → right×2 → down×1 → left×1 → down×1 → left×1 → down×2 → left×3 → up×1 → left×1 → down×2",
        "disposed": false
      },
      {
        "index": 6,
        "label": "7",
        "round": "1",
        "flyDir": "down",
        "headCol": 2,
        "headRow": 7,
        "tailCol": 2,
        "tailRow": 6,
        "stepCount": 1,
        "path": "down×1",
        "disposed": false
      },
      {
        "index": 7,
        "label": "8",
        "round": "1",
        "flyDir": "right",
        "headCol": 4,
        "headRow": 0,
        "tailCol": 3,
        "tailRow": 1,
        "stepCount": 2,
        "path": "up×1 → right×1",
        "disposed": false
      },
      {
        "index": 8,
        "label": "9",
        "round": "1",
        "flyDir": "down",
        "headCol": 2,
        "headRow": 1,
        "tailCol": 2,
        "tailRow": 0,
        "stepCount": 1,
        "path": "down×1",
        "disposed": false
      },
      {
        "index": 9,
        "label": "10",
        "round": "1",
        "flyDir": "down",
        "headCol": 6,
        "headRow": 9,
        "tailCol": 4,
        "tailRow": 9,
        "stepCount": 4,
        "path": "right×1 → up×1 → right×1 → down×1",
        "disposed": false
      },
      {
        "index": 10,
        "label": "11",
        "round": "1",
        "flyDir": "left",
        "headCol": 5,
        "headRow": 7,
        "tailCol": 7,
        "tailRow": 4,
        "stepCount": 5,
        "path": "down×2 → left×1 → down×1 → left×1",
        "disposed": false
      },
      {
        "index": 11,
        "label": "12",
        "round": "1",
        "flyDir": "up",
        "headCol": 3,
        "headRow": 3,
        "tailCol": 1,
        "tailRow": 0,
        "stepCount": 9,
        "path": "left×1 → down×3 → right×2 → down×1 → right×1 → up×1",
        "disposed": false
      },
      {
        "index": 12,
        "label": "13",
        "round": "1",
        "flyDir": "right",
        "headCol": 3,
        "headRow": 9,
        "tailCol": 1,
        "tailRow": 9,
        "stepCount": 2,
        "path": "right×2",
        "disposed": false
      },
      {
        "index": 13,
        "label": "14",
        "round": "1",
        "flyDir": "up",
        "headCol": 1,
        "headRow": 4,
        "tailCol": 0,
        "tailRow": 4,
        "stepCount": 3,
        "path": "down×1 → right×1 → up×1",
        "disposed": false
      },
      {
        "index": 14,
        "label": "15",
        "round": "1",
        "flyDir": "left",
        "headCol": 0,
        "headRow": 6,
        "tailCol": 1,
        "tailRow": 6,
        "stepCount": 1,
        "path": "left×1",
        "disposed": false
      }
    ],
    "dependencies": {
      "0": null,
      "1": 3,
      "2": 3,
      "3": null,
      "4": 1,
      "5": null,
      "6": 5,
      "7": 1,
      "8": 4,
      "9": null,
      "10": 5,
      "11": 4,
      "12": 9,
      "13": 11,
      "14": null
    },
    "cycles": []
  }
}