{
  "config": {
    "cols": 14,
    "rows": 24,
    "spacing": 25
  },
  "totalLines": 8,
  "grid": [
    [
      null,
      null,
      null,
      null,
      null,
      {
        "owner": "1-3"
      },
      {
        "owner": "1-3"
      },
      {
        "owner": "1-3"
      },
      {
        "owner": "1-3"
      },
      {
        "owner": "1-3"
      },
      {
        "owner": "1-3"
      },
      {
        "owner": "1-3"
      },
      {
        "owner": "1-3"
      },
      {
        "owner": "1-3"
      }
    ],
    [
      null,
      {
        "owner": "1-2"
      },
      {
        "owner": "1-2"
      },
      {
        "owner": "1-2"
      },
      {
        "owner": "1-2"
      },
      {
        "owner": "1-2"
      },
      {
        "owner": "1-2"
      },
      {
        "owner": "1-2"
      },
      null,
      null,
      null,
      null,
      null,
      null
    ],
    [
      null,
      null,
      null,
      null,
      null,
      null,
      {
        "owner": "2-6"
      },
      {
        "owner": "1-2"
      },
      null,
      null,
      null,
      null,
      null,
      null
    ],
    [
      null,
      null,
      null,
      {
        "owner": "2-6"
      },
      {
        "owner": "2-6"
      },
      {
        "owner": "2-6"
      },
      {
        "owner": "2-6"
      },
      {
        "owner": "1-2"
      },
      {
        "owner": "1-1"
      },
      {
        "owner": "1-1"
      },
      {
        "owner": "1-1"
      },
      {
        "owner": "1-1"
      },
      {
        "owner": "1-1"
      },
      null
    ],
    [
      null,
      null,
      null,
      {
        "owner": "2-6"
      },
      {
        "owner": "1-5"
      },
      {
        "owner": "1-5"
      },
      {
        "owner": "1-5"
      },
      {
        "owner": "1-2"
      },
      {
        "owner": "1-2"
      },
      {
        "owner": "1-2"
      },
      {
        "owner": "1-2"
      },
      {
        "owner": "1-2"
      },
      {
        "owner": "1-1"
      },
      null
    ],
    [
      {
        "owner": "1-6"
      },
      {
        "owner": "1-6"
      },
      {
        "owner": "1-6"
      },
      {
        "owner": "2-6"
      },
      null,
      null,
      {
        "owner": "1-5"
      },
      null,
      null,
      null,
      null,
      {
        "owner": "1-2"
      },
      {
        "owner": "1-1"
      },
      null
    ],
    [
      {
        "owner": "1-4"
      },
      {
        "owner": "1-4"
      },
      {
        "owner": "1-6"
      },
      {
        "owner": "2-6"
      },
      null,
      null,
      {
        "owner": "1-5"
      },
      null,
      null,
      null,
      null,
      {
        "owner": "1-2"
      },
      {
        "owner": "1-1"
      },
      null
    ],
    [
      null,
      {
        "owner": "1-4"
      },
      {
        "owner": "1-6"
      },
      {
        "owner": "2-6"
      },
      null,
      null,
      {
        "owner": "1-5"
      },
      null,
      {
        "owner": "2-7"
      },
      {
        "owner": "2-7"
      },
      {
        "owner": "2-7"
      },
      {
        "owner": "1-2"
      },
      {
        "owner": "1-1"
      },
      null
    ],
    [
      null,
      {
        "owner": "1-4"
      },
      {
        "owner": "1-6"
      },
      {
        "owner": "2-6"
      },
      null,
      null,
      {
        "owner": "1-5"
      },
      null,
      {
        "owner": "2-7"
      },
      null,
      null,
      {
        "owner": "1-2"
      },
      {
        "owner": "1-1"
      },
      null
    ],
    [
      null,
      {
        "owner": "1-4"
      },
      {
        "owner": "1-6"
      },
      {
        "owner": "2-6"
      },
      null,
      null,
      {
        "owner": "1-5"
      },
      null,
      {
        "owner": "2-7"
      },
      null,
      null,
      {
        "owner": "1-2"
      },
      {
        "owner": "1-1"
      },
      null
    ],
    [
      null,
      {
        "owner": "1-4"
      },
      {
        "owner": "1-6"
      },
      {
        "owner": "2-6"
      },
      null,
      null,
      {
        "owner": "1-5"
      },
      null,
      {
        "owner": "2-7"
      },
      null,
      null,
      {
        "owner": "1-2"
      },
      {
        "owner": "1-1"
      },
      null
    ],
    [
      {
        "owner": "2-6"
      },
      {
        "owner": "1-4"
      },
      {
        "owner": "1-6"
      },
      {
        "owner": "2-6"
      },
      null,
      null,
      {
        "owner": "1-5"
      },
      null,
      {
        "owner": "2-7"
      },
      null,
      null,
      {
        "owner": "1-2"
      },
      {
        "owner": "1-1"
      },
      null
    ],
    [
      {
        "owner": "2-6"
      },
      {
        "owner": "1-4"
      },
      {
        "owner": "1-6"
      },
      {
        "owner": "2-6"
      },
      null,
      null,
      {
        "owner": "1-5"
      },
      null,
      {
        "owner": "2-7"
      },
      null,
      null,
      {
        "owner": "1-2"
      },
      {
        "owner": "1-1"
      },
      null
    ],
    [
      {
        "owner": "2-6"
      },
      {
        "owner": "1-4"
      },
      {
        "owner": "1-6"
      },
      {
        "owner": "2-6"
      },
      null,
      null,
      {
        "owner": "1-5"
      },
      null,
      {
        "owner": "2-7"
      },
      null,
      null,
      {
        "owner": "1-2"
      },
      {
        "owner": "1-1"
      },
      null
    ],
    [
      {
        "owner": "2-6"
      },
      {
        "owner": "1-4"
      },
      {
        "owner": "1-6"
      },
      {
        "owner": "2-6"
      },
      {
        "owner": "2-6"
      },
      {
        "owner": "2-6"
      },
      {
        "owner": "1-5"
      },
      null,
      {
        "owner": "2-7"
      },
      null,
      null,
      {
        "owner": "1-2"
      },
      {
        "owner": "1-1"
      },
      null
    ],
    [
      {
        "owner": "2-6"
      },
      {
        "owner": "1-4"
      },
      {
        "owner": "1-6"
      },
      {
        "owner": "1-6"
      },
      {
        "owner": "1-6"
      },
      {
        "owner": "2-6"
      },
      {
        "owner": "1-5"
      },
      {
        "owner": "2-7"
      },
      {
        "owner": "2-7"
      },
      null,
      null,
      {
        "owner": "1-2"
      },
      {
        "owner": "1-1"
      },
      null
    ],
    [
      {
        "owner": "2-6"
      },
      {
        "owner": "1-4"
      },
      {
        "owner": "1-4"
      },
      {
        "owner": "1-4"
      },
      {
        "owner": "1-6"
      },
      {
        "owner": "2-6"
      },
      {
        "owner": "1-5"
      },
      null,
      null,
      null,
      null,
      {
        "owner": "1-2"
      },
      {
        "owner": "1-1"
      },
      null
    ],
    [
      {
        "owner": "2-6"
      },
      {
        "owner": "2-6"
      },
      null,
      null,
      {
        "owner": "1-6"
      },
      {
        "owner": "2-6"
      },
      {
        "owner": "1-5"
      },
      null,
      null,
      null,
      null,
      {
        "owner": "1-2"
      },
      {
        "owner": "1-1"
      },
      null
    ],
    [
      null,
      {
        "owner": "2-6"
      },
      {
        "owner": "1-6"
      },
      {
        "owner": "1-6"
      },
      {
        "owner": "1-6"
      },
      {
        "owner": "2-6"
      },
      {
        "owner": "1-5"
      },
      null,
      null,
      null,
      null,
      {
        "owner": "1-2"
      },
      {
        "owner": "1-1"
      },
      {
        "owner": "1-1"
      }
    ],
    [
      null,
      {
        "owner": "2-6"
      },
      {
        "owner": "2-6"
      },
      {
        "owner": "2-6"
      },
      {
        "owner": "2-6"
      },
      {
        "owner": "2-6"
      },
      {
        "owner": "1-5"
      },
      null,
      null,
      null,
      null,
      {
        "owner": "1-2"
      },
      {
        "owner": "1-2"
      },
      null
    ],
    [
      null,
      null,
      null,
      null,
      null,
      null,
      {
        "owner": "1-5"
      },
      null,
      null,
      null,
      null,
      null,
      {
        "owner": "1-2"
      },
      null
    ],
    [
      null,
      null,
      null,
      null,
      null,
      null,
      {
        "owner": "1-5"
      },
      null,
      null,
      null,
      null,
      null,
      {
        "owner": "1-2"
      },
      null
    ],
    [
      null,
      null,
      null,
      null,
      null,
      null,
      {
        "owner": "1-5"
      },
      null,
      null,
      null,
      null,
      null,
      {
        "owner": "1-2"
      },
      null
    ],
    [
      null,
      null,
      null,
      null,
      null,
      null,
      {
        "owner": "1-5"
      },
      null,
      null,
      null,
      null,
      null,
      {
        "owner": "1-2"
      },
      {
        "owner": "1-2"
      }
    ]
  ],
  "lines": [
    {
      "label": "1-1",
      "flyDir": "right",
      "head": [
        13,
        18
      ],
      "adj": [
        12,
        18
      ],
      "tail": [
        8,
        3
      ],
      "body": [],
      "green": [],
      "blue": [],
      "orange": []
    },
    {
      "label": "1-2",
      "flyDir": "right",
      "head": [
        13,
        23
      ],
      "adj": [
        12,
        23
      ],
      "tail": [
        1,
        1
      ],
      "body": [],
      "green": [],
      "blue": [],
      "orange": []
    },
    {
      "label": "1-3",
      "flyDir": "right",
      "head": [
        13,
        0
      ],
      "adj": [
        12,
        0
      ],
      "tail": [
        5,
        0
      ],
      "body": [],
      "green": [],
      "blue": [],
      "orange": []
    },
    {
      "label": "1-4",
      "flyDir": "left",
      "head": [
        0,
        6
      ],
      "adj": [
        1,
        6
      ],
      "tail": [
        3,
        16
      ],
      "body": [],
      "green": [],
      "blue": [],
      "orange": []
    },
    {
      "label": "1-5",
      "flyDir": "down",
      "head": [
        6,
        23
      ],
      "adj": [
        6,
        22
      ],
      "tail": [
        4,
        4
      ],
      "body": [],
      "green": [],
      "blue": [],
      "orange": []
    },
    {
      "label": "1-6",
      "flyDir": "left",
      "head": [
        0,
        5
      ],
      "adj": [
        1,
        5
      ],
      "tail": [
        2,
        18
      ],
      "body": [],
      "green": [],
      "blue": [],
      "orange": []
    },
    {
      "label": "2-6",
      "flyDir": "up",
      "head": [
        6,
        2
      ],
      "adj": [
        6,
        3
      ],
      "tail": [
        0,
        11
      ],
      "body": [
        [
          1,
          5
        ],
        [
          0,
          5
        ],
        [
          2,
          5
        ],
        [
          1,
          5
        ],
        [
          2,
          6
        ],
        [
          2,
          5
        ],
        [
          2,
          7
        ],
        [
          2,
          6
        ],
        [
          2,
          8
        ],
        [
          2,
          7
        ],
        [
          2,
          9
        ],
        [
          2,
          8
        ],
        [
          2,
          10
        ],
        [
          2,
          9
        ],
        [
          2,
          11
        ],
        [
          2,
          10
        ],
        [
          2,
          12
        ],
        [
          2,
          11
        ],
        [
          2,
          13
        ],
        [
          2,
          12
        ],
        [
          2,
          14
        ],
        [
          2,
          13
        ],
        [
          2,
          15
        ],
        [
          2,
          14
        ],
        [
          3,
          15
        ],
        [
          2,
          15
        ],
        [
          4,
          15
        ],
        [
          3,
          15
        ],
        [
          4,
          16
        ],
        [
          4,
          15
        ],
        [
          4,
          17
        ],
        [
          4,
          16
        ],
        [
          4,
          18
        ],
        [
          4,
          17
        ],
        [
          3,
          18
        ],
        [
          4,
          18
        ],
        [
          2,
          18
        ],
        [
          3,
          18
        ]
      ],
      "green": [
        [
          1,
          4
        ],
        [
          0,
          4
        ],
        [
          3,
          5
        ],
        [
          2,
          4
        ],
        [
          3,
          6
        ],
        [
          3,
          7
        ],
        [
          3,
          8
        ],
        [
          3,
          9
        ],
        [
          3,
          10
        ],
        [
          3,
          11
        ],
        [
          3,
          12
        ],
        [
          3,
          13
        ],
        [
          3,
          14
        ],
        [
          3,
          14
        ],
        [
          5,
          15
        ],
        [
          4,
          14
        ],
        [
          5,
          16
        ],
        [
          5,
          17
        ],
        [
          3,
          17
        ],
        [
          5,
          18
        ],
        [
          4,
          19
        ],
        [
          3,
          19
        ],
        [
          3,
          17
        ],
        [
          1,
          18
        ],
        [
          2,
          19
        ],
        [
          2,
          17
        ],
        [
          13,
          19
        ],
        [
          13,
          17
        ],
        [
          13,
          17
        ],
        [
          13,
          16
        ],
        [
          13,
          15
        ],
        [
          13,
          14
        ],
        [
          13,
          13
        ],
        [
          13,
          12
        ],
        [
          13,
          11
        ],
        [
          13,
          10
        ],
        [
          13,
          9
        ],
        [
          13,
          8
        ],
        [
          13,
          7
        ],
        [
          13,
          6
        ],
        [
          13,
          5
        ],
        [
          13,
          4
        ],
        [
          13,
          3
        ],
        [
          12,
          2
        ],
        [
          11,
          2
        ],
        [
          10,
          2
        ],
        [
          9,
          2
        ],
        [
          8,
          2
        ],
        [
          11,
          23
        ],
        [
          13,
          22
        ],
        [
          13,
          22
        ],
        [
          11,
          22
        ],
        [
          13,
          21
        ],
        [
          11,
          21
        ],
        [
          13,
          20
        ],
        [
          11,
          20
        ],
        [
          13,
          19
        ],
        [
          10,
          19
        ],
        [
          11,
          20
        ],
        [
          10,
          18
        ],
        [
          10,
          17
        ],
        [
          10,
          16
        ],
        [
          10,
          15
        ],
        [
          10,
          14
        ],
        [
          10,
          13
        ],
        [
          10,
          12
        ],
        [
          10,
          11
        ],
        [
          10,
          10
        ],
        [
          10,
          9
        ],
        [
          10,
          8
        ],
        [
          10,
          7
        ],
        [
          10,
          6
        ],
        [
          10,
          5
        ],
        [
          10,
          5
        ],
        [
          9,
          5
        ],
        [
          8,
          5
        ],
        [
          7,
          5
        ],
        [
          6,
          3
        ],
        [
          8,
          2
        ],
        [
          6,
          2
        ],
        [
          8,
          1
        ],
        [
          6,
          2
        ],
        [
          5,
          2
        ],
        [
          4,
          2
        ],
        [
          4,
          0
        ],
        [
          3,
          2
        ],
        [
          3,
          0
        ],
        [
          2,
          2
        ],
        [
          2,
          0
        ],
        [
          0,
          1
        ],
        [
          1,
          2
        ],
        [
          1,
          0
        ],
        [
          12,
          1
        ],
        [
          13,
          1
        ],
        [
          11,
          1
        ],
        [
          10,
          1
        ],
        [
          9,
          1
        ],
        [
          8,
          1
        ],
        [
          4,
          0
        ],
        [
          0,
          7
        ],
        [
          0,
          7
        ],
        [
          0,
          8
        ],
        [
          0,
          9
        ],
        [
          0,
          10
        ],
        [
          0,
          11
        ],
        [
          0,
          12
        ],
        [
          0,
          13
        ],
        [
          0,
          14
        ],
        [
          0,
          15
        ],
        [
          0,
          16
        ],
        [
          1,
          17
        ],
        [
          2,
          17
        ],
        [
          3,
          17
        ],
        [
          7,
          22
        ],
        [
          5,
          22
        ],
        [
          7,
          23
        ],
        [
          5,
          23
        ],
        [
          7,
          21
        ],
        [
          5,
          21
        ],
        [
          7,
          20
        ],
        [
          5,
          20
        ],
        [
          7,
          19
        ],
        [
          5,
          19
        ],
        [
          7,
          18
        ],
        [
          5,
          18
        ],
        [
          7,
          17
        ],
        [
          5,
          17
        ],
        [
          7,
          16
        ],
        [
          5,
          16
        ],
        [
          7,
          15
        ],
        [
          5,
          15
        ],
        [
          7,
          14
        ],
        [
          5,
          14
        ],
        [
          7,
          13
        ],
        [
          5,
          13
        ],
        [
          7,
          12
        ],
        [
          5,
          12
        ],
        [
          7,
          11
        ],
        [
          5,
          11
        ],
        [
          7,
          10
        ],
        [
          5,
          10
        ],
        [
          7,
          9
        ],
        [
          5,
          9
        ],
        [
          7,
          8
        ],
        [
          5,
          8
        ],
        [
          7,
          7
        ],
        [
          5,
          7
        ],
        [
          7,
          6
        ],
        [
          5,
          6
        ],
        [
          7,
          5
        ],
        [
          5,
          5
        ],
        [
          6,
          3
        ],
        [
          5,
          5
        ],
        [
          5,
          3
        ],
        [
          3,
          4
        ],
        [
          4,
          5
        ],
        [
          4,
          3
        ]
      ],
      "blue": [
        [
          4,
          6
        ],
        [
          10,
          23
        ],
        [
          9,
          18
        ],
        [
          13,
          2
        ]
      ],
      "orange": [
        [
          1,
          4
        ],
        [
          0,
          4
        ],
        [
          2,
          4
        ],
        [
          3,
          7
        ],
        [
          3,
          8
        ],
        [
          3,
          9
        ],
        [
          3,
          10
        ],
        [
          3,
          11
        ],
        [
          3,
          12
        ],
        [
          3,
          13
        ],
        [
          3,
          14
        ],
        [
          5,
          15
        ],
        [
          4,
          14
        ],
        [
          5,
          16
        ],
        [
          5,
          17
        ],
        [
          3,
          17
        ],
        [
          5,
          18
        ],
        [
          4,
          19
        ],
        [
          3,
          19
        ],
        [
          1,
          18
        ],
        [
          2,
          19
        ],
        [
          2,
          17
        ],
        [
          13,
          19
        ],
        [
          13,
          17
        ],
        [
          13,
          16
        ],
        [
          13,
          15
        ],
        [
          13,
          14
        ],
        [
          13,
          13
        ],
        [
          13,
          12
        ],
        [
          13,
          11
        ],
        [
          13,
          10
        ],
        [
          13,
          9
        ],
        [
          13,
          8
        ],
        [
          13,
          7
        ],
        [
          13,
          6
        ],
        [
          13,
          5
        ],
        [
          13,
          4
        ],
        [
          13,
          3
        ],
        [
          11,
          2
        ],
        [
          10,
          2
        ],
        [
          9,
          2
        ],
        [
          8,
          2
        ],
        [
          11,
          22
        ],
        [
          13,
          21
        ],
        [
          11,
          21
        ],
        [
          13,
          20
        ],
        [
          11,
          20
        ],
        [
          10,
          19
        ],
        [
          10,
          17
        ],
        [
          10,
          16
        ],
        [
          10,
          15
        ],
        [
          10,
          14
        ],
        [
          10,
          13
        ],
        [
          10,
          12
        ],
        [
          10,
          11
        ],
        [
          10,
          10
        ],
        [
          10,
          9
        ],
        [
          10,
          8
        ],
        [
          10,
          7
        ],
        [
          10,
          6
        ],
        [
          10,
          5
        ],
        [
          9,
          5
        ],
        [
          8,
          5
        ],
        [
          4,
          2
        ],
        [
          3,
          2
        ],
        [
          3,
          0
        ],
        [
          2,
          2
        ],
        [
          2,
          0
        ],
        [
          0,
          1
        ],
        [
          1,
          2
        ],
        [
          1,
          0
        ],
        [
          0,
          7
        ],
        [
          0,
          8
        ],
        [
          0,
          9
        ],
        [
          0,
          10
        ],
        [
          0,
          11
        ],
        [
          0,
          12
        ],
        [
          0,
          13
        ],
        [
          0,
          14
        ],
        [
          0,
          15
        ],
        [
          0,
          16
        ],
        [
          1,
          17
        ],
        [
          7,
          22
        ],
        [
          5,
          22
        ],
        [
          7,
          23
        ],
        [
          5,
          23
        ],
        [
          7,
          21
        ],
        [
          5,
          21
        ],
        [
          7,
          20
        ],
        [
          5,
          20
        ],
        [
          7,
          19
        ],
        [
          5,
          19
        ],
        [
          7,
          18
        ],
        [
          7,
          17
        ],
        [
          7,
          16
        ],
        [
          7,
          15
        ],
        [
          7,
          14
        ],
        [
          5,
          14
        ],
        [
          7,
          13
        ],
        [
          5,
          13
        ],
        [
          7,
          12
        ],
        [
          5,
          12
        ],
        [
          7,
          11
        ],
        [
          5,
          11
        ],
        [
          7,
          10
        ],
        [
          5,
          10
        ],
        [
          7,
          9
        ],
        [
          5,
          9
        ],
        [
          7,
          8
        ],
        [
          5,
          8
        ],
        [
          7,
          7
        ],
        [
          5,
          7
        ],
        [
          7,
          6
        ],
        [
          5,
          6
        ],
        [
          5,
          5
        ],
        [
          5,
          3
        ],
        [
          3,
          4
        ],
        [
          4,
          5
        ],
        [
          4,
          3
        ]
      ]
    },
    {
      "label": "2-7",
      "flyDir": "left",
      "head": [
        7,
        15
      ],
      "adj": [
        8,
        15
      ],
      "tail": [
        10,
        7
      ],
      "body": [
        [
          6,
          3
        ],
        [
          6,
          2
        ],
        [
          5,
          3
        ],
        [
          6,
          3
        ],
        [
          4,
          3
        ],
        [
          5,
          3
        ],
        [
          3,
          3
        ],
        [
          4,
          3
        ],
        [
          3,
          4
        ],
        [
          3,
          3
        ],
        [
          3,
          5
        ],
        [
          3,
          4
        ],
        [
          3,
          6
        ],
        [
          3,
          5
        ],
        [
          3,
          7
        ],
        [
          3,
          6
        ],
        [
          3,
          8
        ],
        [
          3,
          7
        ],
        [
          3,
          9
        ],
        [
          3,
          8
        ],
        [
          3,
          10
        ],
        [
          3,
          9
        ],
        [
          3,
          11
        ],
        [
          3,
          10
        ],
        [
          3,
          12
        ],
        [
          3,
          11
        ],
        [
          3,
          13
        ],
        [
          3,
          12
        ],
        [
          3,
          14
        ],
        [
          3,
          13
        ],
        [
          4,
          14
        ],
        [
          3,
          14
        ],
        [
          5,
          14
        ],
        [
          4,
          14
        ],
        [
          5,
          15
        ],
        [
          5,
          14
        ],
        [
          5,
          16
        ],
        [
          5,
          15
        ],
        [
          5,
          17
        ],
        [
          5,
          16
        ],
        [
          5,
          18
        ],
        [
          5,
          17
        ],
        [
          5,
          19
        ],
        [
          5,
          18
        ],
        [
          4,
          19
        ],
        [
          5,
          19
        ],
        [
          3,
          19
        ],
        [
          4,
          19
        ],
        [
          2,
          19
        ],
        [
          3,
          19
        ],
        [
          1,
          19
        ],
        [
          2,
          19
        ],
        [
          1,
          18
        ],
        [
          1,
          19
        ],
        [
          1,
          17
        ],
        [
          1,
          18
        ],
        [
          0,
          17
        ],
        [
          1,
          17
        ],
        [
          0,
          16
        ],
        [
          0,
          17
        ],
        [
          0,
          15
        ],
        [
          0,
          16
        ],
        [
          0,
          14
        ],
        [
          0,
          15
        ],
        [
          0,
          13
        ],
        [
          0,
          14
        ],
        [
          0,
          12
        ],
        [
          0,
          13
        ],
        [
          0,
          11
        ],
        [
          0,
          12
        ]
      ],
      "green": [
        [
          5,
          2
        ],
        [
          5,
          2
        ],
        [
          4,
          2
        ],
        [
          2,
          3
        ],
        [
          3,
          2
        ],
        [
          2,
          4
        ],
        [
          4,
          5
        ],
        [
          4,
          6
        ],
        [
          4,
          7
        ],
        [
          4,
          8
        ],
        [
          4,
          9
        ],
        [
          4,
          10
        ],
        [
          4,
          11
        ],
        [
          4,
          12
        ],
        [
          4,
          13
        ],
        [
          4,
          13
        ],
        [
          5,
          13
        ],
        [
          5,
          20
        ],
        [
          4,
          20
        ],
        [
          3,
          20
        ],
        [
          2,
          20
        ],
        [
          0,
          19
        ],
        [
          1,
          20
        ],
        [
          0,
          18
        ],
        [
          2,
          17
        ],
        [
          0,
          18
        ],
        [
          0,
          10
        ],
        [
          13,
          19
        ],
        [
          13,
          17
        ],
        [
          13,
          17
        ],
        [
          13,
          16
        ],
        [
          13,
          15
        ],
        [
          13,
          14
        ],
        [
          13,
          13
        ],
        [
          13,
          12
        ],
        [
          13,
          11
        ],
        [
          13,
          10
        ],
        [
          13,
          9
        ],
        [
          13,
          8
        ],
        [
          13,
          7
        ],
        [
          13,
          6
        ],
        [
          13,
          5
        ],
        [
          13,
          4
        ],
        [
          13,
          3
        ],
        [
          12,
          2
        ],
        [
          11,
          2
        ],
        [
          10,
          2
        ],
        [
          9,
          2
        ],
        [
          8,
          2
        ],
        [
          11,
          23
        ],
        [
          13,
          22
        ],
        [
          13,
          22
        ],
        [
          11,
          22
        ],
        [
          13,
          21
        ],
        [
          11,
          21
        ],
        [
          13,
          20
        ],
        [
          11,
          20
        ],
        [
          13,
          19
        ],
        [
          10,
          19
        ],
        [
          11,
          20
        ],
        [
          10,
          18
        ],
        [
          10,
          17
        ],
        [
          10,
          16
        ],
        [
          10,
          15
        ],
        [
          10,
          14
        ],
        [
          10,
          13
        ],
        [
          10,
          12
        ],
        [
          10,
          11
        ],
        [
          10,
          10
        ],
        [
          10,
          9
        ],
        [
          10,
          8
        ],
        [
          10,
          7
        ],
        [
          10,
          6
        ],
        [
          10,
          5
        ],
        [
          10,
          5
        ],
        [
          9,
          5
        ],
        [
          8,
          5
        ],
        [
          7,
          5
        ],
        [
          8,
          2
        ],
        [
          8,
          1
        ],
        [
          5,
          2
        ],
        [
          4,
          2
        ],
        [
          4,
          0
        ],
        [
          3,
          2
        ],
        [
          3,
          0
        ],
        [
          2,
          2
        ],
        [
          2,
          0
        ],
        [
          0,
          1
        ],
        [
          1,
          2
        ],
        [
          1,
          0
        ],
        [
          12,
          1
        ],
        [
          13,
          1
        ],
        [
          11,
          1
        ],
        [
          10,
          1
        ],
        [
          9,
          1
        ],
        [
          8,
          1
        ],
        [
          4,
          0
        ],
        [
          0,
          7
        ],
        [
          0,
          7
        ],
        [
          0,
          8
        ],
        [
          0,
          9
        ],
        [
          0,
          10
        ],
        [
          2,
          17
        ],
        [
          3,
          17
        ],
        [
          7,
          22
        ],
        [
          5,
          22
        ],
        [
          7,
          23
        ],
        [
          5,
          23
        ],
        [
          7,
          21
        ],
        [
          5,
          21
        ],
        [
          7,
          20
        ],
        [
          5,
          20
        ],
        [
          7,
          19
        ],
        [
          7,
          18
        ],
        [
          7,
          17
        ],
        [
          7,
          16
        ],
        [
          7,
          15
        ],
        [
          7,
          14
        ],
        [
          7,
          13
        ],
        [
          5,
          13
        ],
        [
          7,
          12
        ],
        [
          5,
          12
        ],
        [
          7,
          11
        ],
        [
          5,
          11
        ],
        [
          7,
          10
        ],
        [
          5,
          10
        ],
        [
          7,
          9
        ],
        [
          5,
          9
        ],
        [
          7,
          8
        ],
        [
          5,
          8
        ],
        [
          7,
          7
        ],
        [
          5,
          7
        ],
        [
          7,
          6
        ],
        [
          5,
          6
        ],
        [
          7,
          5
        ],
        [
          5,
          5
        ],
        [
          5,
          5
        ],
        [
          4,
          5
        ],
        [
          1,
          4
        ],
        [
          0,
          4
        ],
        [
          2,
          4
        ],
        [
          3,
          17
        ],
        [
          3,
          17
        ],
        [
          2,
          17
        ]
      ],
      "blue": [
        [
          10,
          23
        ],
        [
          9,
          18
        ],
        [
          13,
          2
        ],
        [
          8,
          16
        ],
        [
          8,
          15
        ],
        [
          8,
          14
        ]
      ],
      "orange": [
        [
          5,
          2
        ],
        [
          4,
          2
        ],
        [
          2,
          3
        ],
        [
          3,
          2
        ],
        [
          2,
          4
        ],
        [
          4,
          7
        ],
        [
          4,
          8
        ],
        [
          4,
          9
        ],
        [
          4,
          10
        ],
        [
          5,
          13
        ],
        [
          5,
          20
        ],
        [
          4,
          20
        ],
        [
          3,
          20
        ],
        [
          2,
          20
        ],
        [
          0,
          19
        ],
        [
          1,
          20
        ],
        [
          0,
          18
        ],
        [
          0,
          10
        ],
        [
          13,
          19
        ],
        [
          13,
          17
        ],
        [
          13,
          16
        ],
        [
          13,
          15
        ],
        [
          13,
          14
        ],
        [
          13,
          13
        ],
        [
          13,
          12
        ],
        [
          13,
          11
        ],
        [
          13,
          10
        ],
        [
          13,
          9
        ],
        [
          13,
          8
        ],
        [
          13,
          7
        ],
        [
          13,
          6
        ],
        [
          13,
          5
        ],
        [
          13,
          4
        ],
        [
          13,
          3
        ],
        [
          11,
          2
        ],
        [
          10,
          2
        ],
        [
          9,
          2
        ],
        [
          8,
          2
        ],
        [
          11,
          22
        ],
        [
          13,
          21
        ],
        [
          11,
          21
        ],
        [
          13,
          20
        ],
        [
          11,
          20
        ],
        [
          10,
          19
        ],
        [
          10,
          17
        ],
        [
          10,
          16
        ],
        [
          10,
          15
        ],
        [
          10,
          14
        ],
        [
          10,
          13
        ],
        [
          10,
          12
        ],
        [
          10,
          11
        ],
        [
          10,
          10
        ],
        [
          10,
          9
        ],
        [
          10,
          8
        ],
        [
          10,
          7
        ],
        [
          10,
          6
        ],
        [
          10,
          5
        ],
        [
          9,
          5
        ],
        [
          8,
          5
        ],
        [
          3,
          0
        ],
        [
          2,
          2
        ],
        [
          2,
          0
        ],
        [
          0,
          1
        ],
        [
          1,
          2
        ],
        [
          1,
          0
        ],
        [
          0,
          7
        ],
        [
          0,
          8
        ],
        [
          0,
          9
        ],
        [
          3,
          17
        ],
        [
          7,
          22
        ],
        [
          5,
          22
        ],
        [
          7,
          23
        ],
        [
          5,
          23
        ],
        [
          7,
          21
        ],
        [
          5,
          21
        ],
        [
          7,
          20
        ],
        [
          7,
          19
        ],
        [
          7,
          18
        ],
        [
          7,
          17
        ],
        [
          7,
          13
        ],
        [
          7,
          12
        ],
        [
          5,
          12
        ],
        [
          7,
          11
        ],
        [
          5,
          11
        ],
        [
          7,
          10
        ],
        [
          5,
          10
        ],
        [
          7,
          9
        ],
        [
          5,
          9
        ],
        [
          7,
          8
        ],
        [
          5,
          8
        ],
        [
          7,
          7
        ],
        [
          5,
          7
        ],
        [
          7,
          6
        ],
        [
          5,
          6
        ],
        [
          5,
          5
        ],
        [
          1,
          4
        ],
        [
          0,
          4
        ]
      ]
    }
  ]
}