{
  "config": {
    "cols": 14,
    "rows": 24,
    "spacing": 25
  },
  "totalLines": 4,
  "grid": [
    [
      null,
      null,
      null,
      null,
      {
        "owner": "3"
      },
      {
        "owner": "3"
      },
      {
        "owner": "3"
      },
      {
        "owner": "3"
      },
      null,
      null,
      null,
      null,
      null,
      null
    ],
    [
      null,
      null,
      null,
      null,
      {
        "owner": "3"
      },
      null,
      null,
      {
        "owner": "4"
      },
      null,
      null,
      null,
      null,
      null,
      null
    ],
    [
      null,
      null,
      null,
      null,
      {
        "owner": "3"
      },
      null,
      null,
      {
        "owner": "4"
      },
      null,
      null,
      null,
      null,
      null,
      null
    ],
    [
      null,
      null,
      null,
      null,
      {
        "owner": "3"
      },
      null,
      null,
      {
        "owner": "4"
      },
      {
        "owner": "4"
      },
      {
        "owner": "4"
      },
      null,
      null,
      null,
      null
    ],
    [
      null,
      null,
      null,
      null,
      {
        "owner": "3"
      },
      null,
      null,
      null,
      null,
      null,
      null,
      null,
      null,
      null
    ],
    [
      null,
      null,
      null,
      null,
      {
        "owner": "3"
      },
      {
        "owner": "1"
      },
      {
        "owner": "1"
      },
      {
        "owner": "1"
      },
      {
        "owner": "1"
      },
      {
        "owner": "1"
      },
      {
        "owner": "1"
      },
      {
        "owner": "1"
      },
      {
        "owner": "1"
      },
      null
    ],
    [
      null,
      null,
      null,
      null,
      {
        "owner": "3"
      },
      null,
      null,
      null,
      null,
      null,
      null,
      null,
      {
        "owner": "1"
      },
      null
    ],
    [
      null,
      null,
      null,
      null,
      {
        "owner": "3"
      },
      null,
      null,
      null,
      null,
      null,
      null,
      null,
      {
        "owner": "1"
      },
      null
    ],
    [
      null,
      null,
      null,
      null,
      {
        "owner": "3"
      },
      null,
      null,
      null,
      null,
      null,
      null,
      null,
      {
        "owner": "1"
      },
      null
    ],
    [
      null,
      null,
      null,
      null,
      {
        "owner": "3"
      },
      null,
      null,
      null,
      null,
      null,
      null,
      null,
      {
        "owner": "1"
      },
      null
    ],
    [
      null,
      null,
      null,
      null,
      {
        "owner": "3"
      },
      null,
      null,
      null,
      null,
      null,
      null,
      null,
      {
        "owner": "1"
      },
      null
    ],
    [
      null,
      null,
      null,
      null,
      {
        "owner": "3"
      },
      null,
      null,
      null,
      null,
      null,
      null,
      null,
      {
        "owner": "1"
      },
      null
    ],
    [
      null,
      null,
      null,
      null,
      {
        "owner": "3"
      },
      null,
      null,
      null,
      null,
      null,
      null,
      null,
      {
        "owner": "1"
      },
      null
    ],
    [
      null,
      null,
      null,
      null,
      {
        "owner": "3"
      },
      null,
      null,
      null,
      null,
      null,
      null,
      null,
      {
        "owner": "1"
      },
      null
    ],
    [
      null,
      null,
      null,
      null,
      {
        "owner": "3"
      },
      {
        "owner": "2"
      },
      {
        "owner": "2"
      },
      {
        "owner": "2"
      },
      {
        "owner": "2"
      },
      {
        "owner": "2"
      },
      {
        "owner": "2"
      },
      null,
      {
        "owner": "1"
      },
      null
    ],
    [
      null,
      null,
      null,
      null,
      {
        "owner": "3"
      },
      {
        "owner": "3"
      },
      {
        "owner": "3"
      },
      {
        "owner": "3"
      },
      {
        "owner": "3"
      },
      null,
      {
        "owner": "2"
      },
      null,
      {
        "owner": "1"
      },
      null
    ],
    [
      null,
      null,
      null,
      null,
      null,
      null,
      null,
      null,
      {
        "owner": "3"
      },
      null,
      {
        "owner": "2"
      },
      null,
      {
        "owner": "1"
      },
      null
    ],
    [
      null,
      null,
      null,
      null,
      null,
      null,
      null,
      null,
      {
        "owner": "3"
      },
      null,
      {
        "owner": "2"
      },
      null,
      {
        "owner": "1"
      },
      null
    ],
    [
      null,
      null,
      null,
      null,
      null,
      null,
      null,
      null,
      {
        "owner": "3"
      },
      null,
      {
        "owner": "2"
      },
      null,
      {
        "owner": "1"
      },
      null
    ],
    [
      null,
      null,
      null,
      null,
      null,
      null,
      null,
      null,
      {
        "owner": "3"
      },
      null,
      {
        "owner": "2"
      },
      null,
      {
        "owner": "1"
      },
      null
    ],
    [
      null,
      null,
      null,
      null,
      null,
      null,
      null,
      null,
      {
        "owner": "3"
      },
      {
        "owner": "3"
      },
      {
        "owner": "2"
      },
      {
        "owner": "2"
      },
      {
        "owner": "1"
      },
      {
        "owner": "1"
      }
    ],
    [
      null,
      null,
      null,
      null,
      null,
      null,
      null,
      null,
      null,
      null,
      null,
      null,
      null,
      null
    ],
    [
      null,
      null,
      null,
      null,
      null,
      null,
      null,
      null,
      null,
      null,
      null,
      null,
      null,
      null
    ],
    [
      null,
      null,
      null,
      null,
      null,
      null,
      null,
      null,
      null,
      null,
      null,
      null,
      null,
      null
    ]
  ],
  "lines": [
    {
      "label": "1",
      "flyDir": "right",
      "head": [
        13,
        20
      ],
      "adj": [
        12,
        20
      ],
      "tail": [
        5,
        5
      ],
      "body": [
        [
          12,
          20
        ],
        [
          13,
          20
        ],
        [
          12,
          19
        ],
        [
          12,
          20
        ],
        [
          12,
          18
        ],
        [
          12,
          19
        ],
        [
          12,
          17
        ],
        [
          12,
          18
        ],
        [
          12,
          16
        ],
        [
          12,
          17
        ],
        [
          12,
          15
        ],
        [
          12,
          16
        ],
        [
          12,
          14
        ],
        [
          12,
          15
        ],
        [
          12,
          13
        ],
        [
          12,
          14
        ],
        [
          12,
          12
        ],
        [
          12,
          13
        ],
        [
          12,
          11
        ],
        [
          12,
          12
        ],
        [
          12,
          10
        ],
        [
          12,
          11
        ],
        [
          12,
          9
        ],
        [
          12,
          10
        ],
        [
          12,
          8
        ],
        [
          12,
          9
        ],
        [
          12,
          7
        ],
        [
          12,
          8
        ],
        [
          12,
          6
        ],
        [
          12,
          7
        ],
        [
          12,
          5
        ],
        [
          12,
          6
        ],
        [
          11,
          5
        ],
        [
          12,
          5
        ],
        [
          10,
          5
        ],
        [
          11,
          5
        ],
        [
          9,
          5
        ],
        [
          10,
          5
        ],
        [
          8,
          5
        ],
        [
          9,
          5
        ],
        [
          7,
          5
        ],
        [
          8,
          5
        ],
        [
          6,
          5
        ],
        [
          7,
          5
        ],
        [
          5,
          5
        ],
        [
          6,
          5
        ]
      ],
      "green": [
        [
          11,
          20
        ],
        [
          12,
          21
        ],
        [
          13,
          21
        ],
        [
          13,
          19
        ],
        [
          13,
          19
        ],
        [
          11,
          19
        ],
        [
          13,
          18
        ],
        [
          11,
          18
        ],
        [
          13,
          17
        ],
        [
          11,
          17
        ],
        [
          13,
          16
        ],
        [
          11,
          16
        ],
        [
          13,
          15
        ],
        [
          11,
          15
        ],
        [
          13,
          14
        ],
        [
          11,
          14
        ],
        [
          13,
          13
        ],
        [
          11,
          13
        ],
        [
          13,
          12
        ],
        [
          11,
          12
        ],
        [
          13,
          11
        ],
        [
          11,
          11
        ],
        [
          13,
          10
        ],
        [
          11,
          10
        ],
        [
          13,
          9
        ],
        [
          11,
          9
        ],
        [
          13,
          8
        ],
        [
          11,
          8
        ],
        [
          13,
          7
        ],
        [
          11,
          7
        ],
        [
          13,
          6
        ],
        [
          11,
          6
        ],
        [
          13,
          5
        ],
        [
          12,
          4
        ],
        [
          11,
          6
        ],
        [
          11,
          4
        ],
        [
          10,
          6
        ],
        [
          10,
          4
        ],
        [
          9,
          6
        ],
        [
          9,
          4
        ],
        [
          8,
          6
        ],
        [
          8,
          4
        ],
        [
          7,
          6
        ],
        [
          7,
          4
        ],
        [
          6,
          6
        ],
        [
          6,
          4
        ],
        [
          4,
          5
        ],
        [
          5,
          6
        ],
        [
          5,
          4
        ]
      ],
      "blue": [
        [
          10,
          20
        ]
      ],
      "orange": [
        [
          12,
          21
        ],
        [
          13,
          21
        ],
        [
          13,
          19
        ],
        [
          11,
          19
        ],
        [
          13,
          18
        ],
        [
          11,
          18
        ],
        [
          13,
          17
        ],
        [
          11,
          17
        ],
        [
          13,
          16
        ],
        [
          11,
          16
        ],
        [
          13,
          15
        ],
        [
          11,
          15
        ],
        [
          13,
          14
        ],
        [
          11,
          14
        ],
        [
          13,
          13
        ],
        [
          11,
          13
        ],
        [
          13,
          12
        ],
        [
          11,
          12
        ],
        [
          13,
          11
        ],
        [
          11,
          11
        ],
        [
          13,
          10
        ],
        [
          11,
          10
        ],
        [
          13,
          9
        ],
        [
          11,
          9
        ],
        [
          13,
          8
        ],
        [
          11,
          8
        ],
        [
          13,
          7
        ],
        [
          11,
          7
        ],
        [
          13,
          6
        ],
        [
          11,
          6
        ],
        [
          13,
          5
        ],
        [
          12,
          4
        ],
        [
          11,
          4
        ],
        [
          10,
          6
        ],
        [
          10,
          4
        ],
        [
          9,
          6
        ],
        [
          9,
          4
        ],
        [
          8,
          6
        ],
        [
          8,
          4
        ],
        [
          7,
          6
        ],
        [
          7,
          4
        ],
        [
          6,
          6
        ],
        [
          6,
          4
        ],
        [
          4,
          5
        ],
        [
          5,
          6
        ],
        [
          5,
          4
        ]
      ]
    },
    {
      "label": "2",
      "flyDir": "right",
      "head": [
        11,
        20
      ],
      "adj": [
        10,
        20
      ],
      "tail": [
        5,
        14
      ],
      "body": [
        [
          10,
          20
        ],
        [
          11,
          20
        ],
        [
          10,
          19
        ],
        [
          10,
          20
        ],
        [
          10,
          18
        ],
        [
          10,
          19
        ],
        [
          10,
          17
        ],
        [
          10,
          18
        ],
        [
          10,
          16
        ],
        [
          10,
          17
        ],
        [
          10,
          15
        ],
        [
          10,
          16
        ],
        [
          10,
          14
        ],
        [
          10,
          15
        ],
        [
          9,
          14
        ],
        [
          10,
          14
        ],
        [
          8,
          14
        ],
        [
          9,
          14
        ],
        [
          7,
          14
        ],
        [
          8,
          14
        ],
        [
          6,
          14
        ],
        [
          7,
          14
        ],
        [
          5,
          14
        ],
        [
          6,
          14
        ]
      ],
      "green": [
        [
          9,
          20
        ],
        [
          10,
          21
        ],
        [
          11,
          21
        ],
        [
          11,
          19
        ],
        [
          11,
          19
        ],
        [
          9,
          19
        ],
        [
          11,
          18
        ],
        [
          9,
          18
        ],
        [
          11,
          17
        ],
        [
          9,
          17
        ],
        [
          11,
          16
        ],
        [
          9,
          16
        ],
        [
          11,
          15
        ],
        [
          9,
          15
        ],
        [
          11,
          14
        ],
        [
          10,
          13
        ],
        [
          9,
          15
        ],
        [
          9,
          13
        ],
        [
          8,
          15
        ],
        [
          8,
          13
        ],
        [
          7,
          15
        ],
        [
          7,
          13
        ],
        [
          6,
          15
        ],
        [
          6,
          13
        ],
        [
          4,
          14
        ],
        [
          5,
          15
        ],
        [
          5,
          13
        ]
      ],
      "blue": [
        [
          8,
          20
        ]
      ],
      "orange": [
        [
          10,
          21
        ],
        [
          11,
          21
        ],
        [
          11,
          19
        ],
        [
          9,
          19
        ],
        [
          11,
          18
        ],
        [
          9,
          18
        ],
        [
          11,
          17
        ],
        [
          9,
          17
        ],
        [
          11,
          16
        ],
        [
          9,
          16
        ],
        [
          11,
          15
        ],
        [
          9,
          15
        ],
        [
          11,
          14
        ],
        [
          10,
          13
        ],
        [
          9,
          13
        ],
        [
          8,
          15
        ],
        [
          8,
          13
        ],
        [
          7,
          15
        ],
        [
          7,
          13
        ],
        [
          6,
          15
        ],
        [
          6,
          13
        ],
        [
          4,
          14
        ],
        [
          5,
          15
        ],
        [
          5,
          13
        ]
      ]
    },
    {
      "label": "3",
      "flyDir": "right",
      "head": [
        9,
        20
      ],
      "adj": [
        8,
        20
      ],
      "tail": [
        7,
        0
      ],
      "body": [
        [
          8,
          20
        ],
        [
          9,
          20
        ],
        [
          8,
          19
        ],
        [
          8,
          20
        ],
        [
          8,
          18
        ],
        [
          8,
          19
        ],
        [
          8,
          17
        ],
        [
          8,
          18
        ],
        [
          8,
          16
        ],
        [
          8,
          17
        ],
        [
          8,
          15
        ],
        [
          8,
          16
        ],
        [
          7,
          15
        ],
        [
          8,
          15
        ],
        [
          6,
          15
        ],
        [
          7,
          15
        ],
        [
          5,
          15
        ],
        [
          6,
          15
        ],
        [
          4,
          15
        ],
        [
          5,
          15
        ],
        [
          4,
          14
        ],
        [
          4,
          15
        ],
        [
          4,
          13
        ],
        [
          4,
          14
        ],
        [
          4,
          12
        ],
        [
          4,
          13
        ],
        [
          4,
          11
        ],
        [
          4,
          12
        ],
        [
          4,
          10
        ],
        [
          4,
          11
        ],
        [
          4,
          9
        ],
        [
          4,
          10
        ],
        [
          4,
          8
        ],
        [
          4,
          9
        ],
        [
          4,
          7
        ],
        [
          4,
          8
        ],
        [
          4,
          6
        ],
        [
          4,
          7
        ],
        [
          4,
          5
        ],
        [
          4,
          6
        ],
        [
          4,
          4
        ],
        [
          4,
          5
        ],
        [
          4,
          3
        ],
        [
          4,
          4
        ],
        [
          4,
          2
        ],
        [
          4,
          3
        ],
        [
          4,
          1
        ],
        [
          4,
          2
        ],
        [
          4,
          0
        ],
        [
          4,
          1
        ],
        [
          5,
          0
        ],
        [
          4,
          0
        ],
        [
          6,
          0
        ],
        [
          5,
          0
        ],
        [
          7,
          0
        ],
        [
          6,
          0
        ]
      ],
      "green": [
        [
          7,
          20
        ],
        [
          8,
          21
        ],
        [
          9,
          21
        ],
        [
          9,
          19
        ],
        [
          9,
          19
        ],
        [
          7,
          19
        ],
        [
          9,
          18
        ],
        [
          7,
          18
        ],
        [
          9,
          17
        ],
        [
          7,
          17
        ],
        [
          9,
          16
        ],
        [
          7,
          16
        ],
        [
          9,
          15
        ],
        [
          7,
          16
        ],
        [
          6,
          16
        ],
        [
          5,
          16
        ],
        [
          3,
          15
        ],
        [
          4,
          16
        ],
        [
          3,
          14
        ],
        [
          5,
          13
        ],
        [
          3,
          13
        ],
        [
          5,
          12
        ],
        [
          3,
          12
        ],
        [
          5,
          11
        ],
        [
          3,
          11
        ],
        [
          5,
          10
        ],
        [
          3,
          10
        ],
        [
          5,
          9
        ],
        [
          3,
          9
        ],
        [
          5,
          8
        ],
        [
          3,
          8
        ],
        [
          5,
          7
        ],
        [
          3,
          7
        ],
        [
          5,
          6
        ],
        [
          3,
          6
        ],
        [
          3,
          5
        ],
        [
          5,
          4
        ],
        [
          3,
          4
        ],
        [
          5,
          3
        ],
        [
          3,
          3
        ],
        [
          5,
          2
        ],
        [
          3,
          2
        ],
        [
          5,
          1
        ],
        [
          3,
          1
        ],
        [
          3,
          0
        ],
        [
          5,
          1
        ],
        [
          6,
          1
        ],
        [
          8,
          0
        ],
        [
          7,
          1
        ]
      ],
      "blue": [
        [
          6,
          20
        ],
        [
          4,
          17
        ],
        [
          6,
          2
        ],
        [
          7,
          2
        ]
      ],
      "orange": [
        [
          8,
          21
        ],
        [
          9,
          21
        ],
        [
          9,
          19
        ],
        [
          7,
          19
        ],
        [
          9,
          18
        ],
        [
          7,
          18
        ],
        [
          9,
          17
        ],
        [
          7,
          17
        ],
        [
          9,
          16
        ],
        [
          7,
          16
        ],
        [
          9,
          15
        ],
        [
          6,
          16
        ],
        [
          5,
          16
        ],
        [
          3,
          15
        ],
        [
          3,
          14
        ],
        [
          5,
          13
        ],
        [
          3,
          13
        ],
        [
          5,
          12
        ],
        [
          3,
          12
        ],
        [
          5,
          11
        ],
        [
          3,
          11
        ],
        [
          5,
          10
        ],
        [
          3,
          10
        ],
        [
          5,
          9
        ],
        [
          3,
          9
        ],
        [
          5,
          8
        ],
        [
          3,
          8
        ],
        [
          5,
          7
        ],
        [
          3,
          7
        ],
        [
          5,
          6
        ],
        [
          3,
          6
        ],
        [
          3,
          5
        ],
        [
          5,
          4
        ],
        [
          3,
          4
        ],
        [
          5,
          3
        ],
        [
          3,
          3
        ],
        [
          5,
          2
        ],
        [
          3,
          2
        ],
        [
          3,
          1
        ],
        [
          3,
          0
        ],
        [
          8,
          0
        ]
      ]
    },
    {
      "label": "4",
      "flyDir": "up",
      "head": [
        7,
        1
      ],
      "adj": [
        7,
        2
      ],
      "tail": [
        9,
        3
      ],
      "body": [
        [
          7,
          2
        ],
        [
          7,
          1
        ],
        [
          7,
          3
        ],
        [
          7,
          2
        ],
        [
          8,
          3
        ],
        [
          7,
          3
        ],
        [
          9,
          3
        ],
        [
          8,
          3
        ]
      ],
      "green": [
        [
          8,
          2
        ],
        [
          6,
          2
        ],
        [
          8,
          1
        ],
        [
          6,
          1
        ],
        [
          6,
          3
        ],
        [
          7,
          4
        ],
        [
          8,
          4
        ],
        [
          8,
          2
        ],
        [
          10,
          3
        ],
        [
          9,
          4
        ],
        [
          9,
          2
        ]
      ],
      "blue": [],
      "orange": [
        [
          8,
          2
        ],
        [
          6,
          2
        ],
        [
          8,
          1
        ],
        [
          6,
          1
        ],
        [
          6,
          3
        ],
        [
          7,
          4
        ],
        [
          8,
          4
        ],
        [
          10,
          3
        ],
        [
          9,
          4
        ],
        [
          9,
          2
        ]
      ]
    }
  ]
}