{
  "config": {
    "cols": 8,
    "rows": 8,
    "spacing": 25
  },
  "totalLines": 4,
  "grid": [
    [
      null,
      null,
      null,
      null,
      null,
      null,
      null,
      null
    ],
    [
      null,
      null,
      null,
      null,
      null,
      {
        "owner": "4"
      },
      null,
      null
    ],
    [
      null,
      null,
      {
        "owner": "4"
      },
      {
        "owner": "4"
      },
      {
        "owner": "4"
      },
      {
        "owner": "4"
      },
      null,
      null
    ],
    [
      null,
      null,
      {
        "owner": "3"
      },
      {
        "owner": "3"
      },
      {
        "owner": "3"
      },
      {
        "owner": "3"
      },
      {
        "owner": "3"
      },
      {
        "owner": "3"
      }
    ],
    [
      null,
      null,
      null,
      null,
      null,
      null,
      null,
      {
        "owner": "3"
      }
    ],
    [
      null,
      null,
      null,
      null,
      null,
      null,
      null,
      {
        "owner": "3"
      }
    ],
    [
      null,
      {
        "owner": "1"
      },
      {
        "owner": "1"
      },
      null,
      {
        "owner": "2"
      },
      {
        "owner": "2"
      },
      {
        "owner": "2"
      },
      {
        "owner": "2"
      }
    ],
    [
      null,
      null,
      {
        "owner": "1"
      },
      {
        "owner": "2"
      },
      {
        "owner": "2"
      },
      null,
      null,
      null
    ]
  ],
  "lines": [
    {
      "label": "1",
      "flyDir": "down",
      "head": [
        2,
        7
      ],
      "adj": [
        2,
        6
      ],
      "tail": [
        1,
        6
      ],
      "body": [
        [
          2,
          6
        ],
        [
          2,
          7
        ],
        [
          1,
          6
        ],
        [
          2,
          6
        ]
      ],
      "green": [
        [
          3,
          6
        ],
        [
          2,
          5
        ],
        [
          3,
          7
        ],
        [
          1,
          7
        ],
        [
          0,
          6
        ],
        [
          1,
          7
        ],
        [
          1,
          5
        ]
      ],
      "blue": [
        [
          4,
          6
        ],
        [
          2,
          4
        ],
        [
          4,
          7
        ],
        [
          0,
          7
        ],
        [
          1,
          4
        ]
      ],
      "orange": [
        [
          0,
          6
        ]
      ]
    },
    {
      "label": "2",
      "flyDir": "left",
      "head": [
        3,
        7
      ],
      "adj": [
        4,
        7
      ],
      "tail": [
        7,
        6
      ],
      "body": [
        [
          4,
          7
        ],
        [
          3,
          7
        ],
        [
          4,
          6
        ],
        [
          4,
          7
        ],
        [
          5,
          6
        ],
        [
          4,
          6
        ],
        [
          6,
          6
        ],
        [
          5,
          6
        ],
        [
          7,
          6
        ],
        [
          6,
          6
        ]
      ],
      "green": [
        [
          5,
          7
        ],
        [
          3,
          6
        ],
        [
          3,
          6
        ],
        [
          4,
          5
        ],
        [
          5,
          7
        ],
        [
          5,
          5
        ],
        [
          6,
          7
        ],
        [
          6,
          5
        ],
        [
          7,
          7
        ],
        [
          7,
          5
        ]
      ],
      "blue": [
        [
          3,
          5
        ],
        [
          4,
          4
        ],
        [
          5,
          4
        ],
        [
          6,
          4
        ],
        [
          7,
          4
        ]
      ],
      "orange": [
        [
          6,
          7
        ],
        [
          7,
          7
        ]
      ]
    },
    {
      "label": "3",
      "flyDir": "down",
      "head": [
        7,
        5
      ],
      "adj": [
        7,
        4
      ],
      "tail": [
        2,
        3
      ],
      "body": [
        [
          7,
          4
        ],
        [
          7,
          5
        ],
        [
          7,
          3
        ],
        [
          7,
          4
        ],
        [
          6,
          3
        ],
        [
          7,
          3
        ],
        [
          5,
          3
        ],
        [
          6,
          3
        ],
        [
          4,
          3
        ],
        [
          5,
          3
        ],
        [
          3,
          3
        ],
        [
          4,
          3
        ],
        [
          2,
          3
        ],
        [
          3,
          3
        ]
      ],
      "green": [
        [
          6,
          4
        ],
        [
          6,
          5
        ],
        [
          7,
          2
        ],
        [
          6,
          4
        ],
        [
          6,
          2
        ],
        [
          5,
          4
        ],
        [
          5,
          2
        ],
        [
          4,
          4
        ],
        [
          4,
          2
        ],
        [
          3,
          4
        ],
        [
          3,
          2
        ],
        [
          1,
          3
        ],
        [
          2,
          4
        ],
        [
          2,
          2
        ]
      ],
      "blue": [
        [
          5,
          5
        ],
        [
          7,
          1
        ],
        [
          6,
          1
        ],
        [
          5,
          5
        ],
        [
          5,
          1
        ],
        [
          4,
          5
        ],
        [
          4,
          1
        ],
        [
          3,
          5
        ],
        [
          3,
          1
        ],
        [
          0,
          3
        ],
        [
          2,
          5
        ],
        [
          2,
          1
        ]
      ],
      "orange": []
    },
    {
      "label": "4",
      "flyDir": "down",
      "head": [
        5,
        2
      ],
      "adj": [
        5,
        1
      ],
      "tail": [
        2,
        2
      ],
      "body": [
        [
          5,
          1
        ],
        [
          5,
          2
        ],
        [
          5,
          2
        ],
        [
          5,
          1
        ],
        [
          4,
          2
        ],
        [
          5,
          2
        ],
        [
          3,
          2
        ],
        [
          4,
          2
        ],
        [
          2,
          2
        ],
        [
          3,
          2
        ]
      ],
      "green": [
        [
          6,
          1
        ],
        [
          4,
          1
        ],
        [
          5,
          0
        ],
        [
          6,
          2
        ],
        [
          4,
          1
        ],
        [
          3,
          1
        ],
        [
          1,
          2
        ],
        [
          2,
          1
        ]
      ],
      "blue": [
        [
          7,
          1
        ],
        [
          7,
          2
        ],
        [
          3,
          0
        ],
        [
          0,
          2
        ],
        [
          2,
          0
        ]
      ],
      "orange": [
        [
          5,
          0
        ]
      ]
    }
  ]
}